> Task :compileJava UP-TO-DATE
> Task :processResources UP-TO-DATE
> Task :classes UP-TO-DATE
> Task :resolveMainClassName UP-TO-DATE

> Task :bootRun

  .   ____          _            __ _ _
 /\\ / ___'_ __ _ _(_)_ __  __ _ \ \ \ \
( ( )\___ | '_ | '_| | '_ \/ _` | \ \ \ \
 \\/  ___)| |_)| | | | | || (_| |  ) ) ) )
  '  |____| .__|_| |_|_| |_\__, | / / / /
 =========|_|==============|___/=/_/_/_/

 :: Spring Boot ::                (v4.0.5)

2026-06-06T20:30:52.467+09:00  INFO 52396 --- [it] [  restartedMain] com.kdb.it.ItApplication                 : Starting ItApplication using Java 25.0.1 with PID 52396 (C:\it\it_backend\build\classes\java\main started by gonna in C:\it\it_backend)
2026-06-06T20:30:52.470+09:00  INFO 52396 --- [it] [  restartedMain] com.kdb.it.ItApplication                 : The following 1 profile is active: "devlocal"
2026-06-06T20:30:52.527+09:00  INFO 52396 --- [it] [  restartedMain] o.s.b.devtools.restart.ChangeableUrls    : The Class-Path manifest attribute in C:\Users\gonna\.gradle\caches\modules-2\files-2.1\com.oracle.database.jdbc\ojdbc11\23.9.0.25.07\4fe3479be8322eaac43f1cd0fb5818e93048201d\ojdbc11-23.9.0.25.07.jar referenced one or more files that do not exist: file:/C:/Users/gonna/.gradle/caches/modules-2/files-2.1/com.oracle.database.jdbc/ojdbc11/23.9.0.25.07/4fe3479be8322eaac43f1cd0fb5818e93048201d/oraclepki.jar
2026-06-06T20:30:52.528+09:00  INFO 52396 --- [it] [  restartedMain] .e.DevToolsPropertyDefaultsPostProcessor : Devtools property defaults active! Set 'spring.devtools.add-properties' to 'false' to disable
2026-06-06T20:30:52.528+09:00  INFO 52396 --- [it] [  restartedMain] .e.DevToolsPropertyDefaultsPostProcessor : For additional web related logging consider setting the 'logging.level.web' property to 'DEBUG'
2026-06-06T20:30:54.052+09:00  INFO 52396 --- [it] [  restartedMain] .s.d.r.c.RepositoryConfigurationDelegate : Bootstrapping Spring Data JPA repositories in DEFAULT mode.
2026-06-06T20:30:54.639+09:00  INFO 52396 --- [it] [  restartedMain] .s.d.r.c.RepositoryConfigurationDelegate : Finished Spring Data repository scanning in 580 ms. Found 38 JPA repository interfaces.
2026-06-06T20:30:55.473+09:00  INFO 52396 --- [it] [  restartedMain] o.s.boot.tomcat.TomcatWebServer          : Tomcat initialized with port 8080 (http)
2026-06-06T20:30:55.486+09:00  INFO 52396 --- [it] [  restartedMain] o.apache.catalina.core.StandardService   : Starting service [Tomcat]
2026-06-06T20:30:55.486+09:00  INFO 52396 --- [it] [  restartedMain] o.apache.catalina.core.StandardEngine    : Starting Servlet engine: [Apache Tomcat/11.0.20]
2026-06-06T20:30:55.654+09:00  INFO 52396 --- [it] [  restartedMain] org.apache.jasper.servlet.TldScanner     : At least one JAR was scanned for TLDs yet contained no TLDs. Enable debug logging for this logger for a complete list of JARs that were scanned but no TLDs were found in them. Skipping unneeded JARs during scanning can improve startup time and JSP compilation time.
2026-06-06T20:30:55.659+09:00  INFO 52396 --- [it] [  restartedMain] b.w.c.s.WebApplicationContextInitializer : Root WebApplicationContext: initialization completed in 3130 ms
2026-06-06T20:30:56.120+09:00  INFO 52396 --- [it] [  restartedMain] org.hibernate.orm.jpa                    : HHH008540: Processing PersistenceUnitInfo [name: default]
2026-06-06T20:30:56.194+09:00  INFO 52396 --- [it] [  restartedMain] org.hibernate.orm.core                   : HHH000001: Hibernate ORM core version 7.2.7.Final
2026-06-06T20:30:56.766+09:00  INFO 52396 --- [it] [  restartedMain] o.s.o.j.p.SpringPersistenceUnitInfo      : No LoadTimeWeaver setup: ignoring JPA class transformer
2026-06-06T20:30:56.803+09:00  INFO 52396 --- [it] [  restartedMain] com.zaxxer.hikari.HikariDataSource       : HikariPool-1 - Starting...
2026-06-06T20:30:57.131+09:00  INFO 52396 --- [it] [  restartedMain] com.zaxxer.hikari.pool.HikariPool        : HikariPool-1 - Added connection oracle.jdbc.driver.T4CConnection@1a20deb
2026-06-06T20:30:57.132+09:00  INFO 52396 --- [it] [  restartedMain] com.zaxxer.hikari.HikariDataSource       : HikariPool-1 - Start completed.
2026-06-06T20:30:57.353+09:00  WARN 52396 --- [it] [  restartedMain] org.hibernate.orm.deprecation            : HHH90000025: OracleDialect does not need to be specified explicitly using 'hibernate.dialect' (remove the property setting and it will be selected by default)
2026-06-06T20:30:57.401+09:00  WARN 52396 --- [it] [  restartedMain] org.hibernate.orm.jdbc                   : HHH100123: Low default JDBC fetch size: 10 (consider setting 'hibernate.jdbc.fetch_size')
2026-06-06T20:30:57.407+09:00  INFO 52396 --- [it] [  restartedMain] org.hibernate.orm.connections.pooling    : HHH10001005: Database info:
	Database JDBC URL [jdbc:oracle:thin:@127.0.0.1:1521/XEPDB1]
	Database driver: Oracle JDBC driver
	Database dialect: OracleDialect
	Database version: 21.3
	Default catalog/schema: undefined/ITPAPP
	Autocommit mode: undefined/unknown
	Isolation level: READ_COMMITTED [default READ_COMMITTED]
	JDBC fetch size: 10
	Pool: DataSourceConnectionProvider
	Minimum pool size: undefined/unknown
	Maximum pool size: undefined/unknown
