> Task :compileJava UP-TO-DATE
> Task :processResources UP-TO-DATE
> Task :classes UP-TO-DATE
> Task :resolveMainClassName

> Task :bootRun

  .   ____          _            __ _ _
 /\\ / ___'_ __ _ _(_)_ __  __ _ \ \ \ \
( ( )\___ | '_ | '_| | '_ \/ _` | \ \ \ \
 \\/  ___)| |_)| | | | | || (_| |  ) ) ) )
  '  |____| .__|_| |_|_| |_\__, | / / / /
 =========|_|==============|___/=/_/_/_/

 :: Spring Boot ::                (v4.0.5)

2026-06-06T21:34:28.357+09:00  INFO 27784 --- [it] [  restartedMain] com.kdb.it.ItApplication                 : Starting ItApplication using Java 25.0.1 with PID 27784 (C:\it\it_backend\build\classes\java\main started by gonna in C:\it\it_backend)
2026-06-06T21:34:28.360+09:00  INFO 27784 --- [it] [  restartedMain] com.kdb.it.ItApplication                 : The following 1 profile is active: "devlocal"
2026-06-06T21:34:28.414+09:00  INFO 27784 --- [it] [  restartedMain] o.s.b.devtools.restart.ChangeableUrls    : The Class-Path manifest attribute in C:\Users\gonna\.gradle\caches\modules-2\files-2.1\com.oracle.database.jdbc\ojdbc11\23.9.0.25.07\4fe3479be8322eaac43f1cd0fb5818e93048201d\ojdbc11-23.9.0.25.07.jar referenced one or more files that do not exist: file:/C:/Users/gonna/.gradle/caches/modules-2/files-2.1/com.oracle.database.jdbc/ojdbc11/23.9.0.25.07/4fe3479be8322eaac43f1cd0fb5818e93048201d/oraclepki.jar
2026-06-06T21:34:28.414+09:00  INFO 27784 --- [it] [  restartedMain] .e.DevToolsPropertyDefaultsPostProcessor : Devtools property defaults active! Set 'spring.devtools.add-properties' to 'false' to disable
2026-06-06T21:34:28.414+09:00  INFO 27784 --- [it] [  restartedMain] .e.DevToolsPropertyDefaultsPostProcessor : For additional web related logging consider setting the 'logging.level.web' property to 'DEBUG'
2026-06-06T21:34:30.394+09:00  INFO 27784 --- [it] [  restartedMain] .s.d.r.c.RepositoryConfigurationDelegate : Bootstrapping Spring Data JPA repositories in DEFAULT mode.
2026-06-06T21:34:30.842+09:00  INFO 27784 --- [it] [  restartedMain] .s.d.r.c.RepositoryConfigurationDelegate : Finished Spring Data repository scanning in 440 ms. Found 38 JPA repository interfaces.
2026-06-06T21:34:31.918+09:00  INFO 27784 --- [it] [  restartedMain] o.s.boot.tomcat.TomcatWebServer          : Tomcat initialized with port 8080 (http)
2026-06-06T21:34:31.934+09:00  INFO 27784 --- [it] [  restartedMain] o.apache.catalina.core.StandardService   : Starting service [Tomcat]
2026-06-06T21:34:31.934+09:00  INFO 27784 --- [it] [  restartedMain] o.apache.catalina.core.StandardEngine    : Starting Servlet engine: [Apache Tomcat/11.0.20]
2026-06-06T21:34:32.134+09:00  INFO 27784 --- [it] [  restartedMain] org.apache.jasper.servlet.TldScanner     : At least one JAR was scanned for TLDs yet contained no TLDs. Enable debug logging for this logger for a complete list of JARs that were scanned but no TLDs were found in them. Skipping unneeded JARs during scanning can improve startup time and JSP compilation time.
2026-06-06T21:34:32.140+09:00  INFO 27784 --- [it] [  restartedMain] b.w.c.s.WebApplicationContextInitializer : Root WebApplicationContext: initialization completed in 3724 ms
2026-06-06T21:34:32.847+09:00  INFO 27784 --- [it] [  restartedMain] org.hibernate.orm.jpa                    : HHH008540: Processing PersistenceUnitInfo [name: default]
2026-06-06T21:34:32.944+09:00  INFO 27784 --- [it] [  restartedMain] org.hibernate.orm.core                   : HHH000001: Hibernate ORM core version 7.2.7.Final
2026-06-06T21:34:33.812+09:00  INFO 27784 --- [it] [  restartedMain] o.s.o.j.p.SpringPersistenceUnitInfo      : No LoadTimeWeaver setup: ignoring JPA class transformer
