> Task :compileJava UP-TO-DATE
> Task :processResources UP-TO-DATE
> Task :classes UP-TO-DATE
> Task :resolveMainClassName

> Task :bootRun

  .   ____          _            __ _ _
 /\\ / ___'_ __ _ _(_)_ __  __ _ \ \ \ \
( ( )\___ | '_ | '_| | '_ \/ _` | \ \ \ \
 \\/  ___)| |_)| | | | | || (_| |  ) ) ) )
  '  |____| .__|_| |_|_| |_\__, | / / / /
 =========|_|==============|___/=/_/_/_/

 :: Spring Boot ::                (v4.0.5)

2026-06-06T21:49:16.819+09:00  INFO 54040 --- [it] [  restartedMain] com.kdb.it.ItApplication                 : Starting ItApplication using Java 25.0.1 with PID 54040 (C:\it\it_backend\build\classes\java\main started by gonna in C:\it\it_backend)
2026-06-06T21:49:16.822+09:00  INFO 54040 --- [it] [  restartedMain] com.kdb.it.ItApplication                 : The following 1 profile is active: "devlocal"
2026-06-06T21:49:16.874+09:00  INFO 54040 --- [it] [  restartedMain] o.s.b.devtools.restart.ChangeableUrls    : The Class-Path manifest attribute in C:\Users\gonna\.gradle\caches\modules-2\files-2.1\com.oracle.database.jdbc\ojdbc11\23.9.0.25.07\4fe3479be8322eaac43f1cd0fb5818e93048201d\ojdbc11-23.9.0.25.07.jar referenced one or more files that do not exist: file:/C:/Users/gonna/.gradle/caches/modules-2/files-2.1/com.oracle.database.jdbc/ojdbc11/23.9.0.25.07/4fe3479be8322eaac43f1cd0fb5818e93048201d/oraclepki.jar
2026-06-06T21:49:16.874+09:00  INFO 54040 --- [it] [  restartedMain] .e.DevToolsPropertyDefaultsPostProcessor : Devtools property defaults active! Set 'spring.devtools.add-properties' to 'false' to disable
2026-06-06T21:49:16.874+09:00  INFO 54040 --- [it] [  restartedMain] .e.DevToolsPropertyDefaultsPostProcessor : For additional web related logging consider setting the 'logging.level.web' property to 'DEBUG'
2026-06-06T21:49:18.833+09:00  INFO 54040 --- [it] [  restartedMain] .s.d.r.c.RepositoryConfigurationDelegate : Bootstrapping Spring Data JPA repositories in DEFAULT mode.
2026-06-06T21:49:19.382+09:00  INFO 54040 --- [it] [  restartedMain] .s.d.r.c.RepositoryConfigurationDelegate : Finished Spring Data repository scanning in 536 ms. Found 38 JPA repository interfaces.
2026-06-06T21:49:20.414+09:00  INFO 54040 --- [it] [  restartedMain] o.s.boot.tomcat.TomcatWebServer          : Tomcat initialized with port 8080 (http)
2026-06-06T21:49:20.429+09:00  INFO 54040 --- [it] [  restartedMain] o.apache.catalina.core.StandardService   : Starting service [Tomcat]
2026-06-06T21:49:20.429+09:00  INFO 54040 --- [it] [  restartedMain] o.apache.catalina.core.StandardEngine    : Starting Servlet engine: [Apache Tomcat/11.0.20]
2026-06-06T21:49:20.644+09:00  INFO 54040 --- [it] [  restartedMain] org.apache.jasper.servlet.TldScanner     : At least one JAR was scanned for TLDs yet contained no TLDs. Enable debug logging for this logger for a complete list of JARs that were scanned but no TLDs were found in them. Skipping unneeded JARs during scanning can improve startup time and JSP compilation time.
2026-06-06T21:49:20.649+09:00  INFO 54040 --- [it] [  restartedMain] b.w.c.s.WebApplicationContextInitializer : Root WebApplicationContext: initialization completed in 3774 ms
2026-06-06T21:49:21.191+09:00  INFO 54040 --- [it] [  restartedMain] org.hibernate.orm.jpa                    : HHH008540: Processing PersistenceUnitInfo [name: default]
2026-06-06T21:49:21.269+09:00  INFO 54040 --- [it] [  restartedMain] org.hibernate.orm.core                   : HHH000001: Hibernate ORM core version 7.2.7.Final
2026-06-06T21:49:21.901+09:00  INFO 54040 --- [it] [  restartedMain] o.s.o.j.p.SpringPersistenceUnitInfo      : No LoadTimeWeaver setup: ignoring JPA class transformer
2026-06-06T21:49:21.943+09:00  INFO 54040 --- [it] [  restartedMain] com.zaxxer.hikari.HikariDataSource       : HikariPool-1 - Starting...
2026-06-06T21:49:22.361+09:00  INFO 54040 --- [it] [  restartedMain] com.zaxxer.hikari.pool.HikariPool        : HikariPool-1 - Added connection oracle.jdbc.driver.T4CConnection@1a4d694b
2026-06-06T21:49:22.363+09:00  INFO 54040 --- [it] [  restartedMain] com.zaxxer.hikari.HikariDataSource       : HikariPool-1 - Start completed.
