#
# There is insufficient memory for the Java Runtime Environment to continue.
# Native memory allocation (mmap) failed to map 67108864 bytes. Error detail: G1 virtual space
# Possible reasons:
#   The system is out of physical RAM or swap space
#   This process is running with CompressedOops enabled, and the Java Heap may be blocking the growth of the native heap
# Possible solutions:
#   Reduce memory load on the system
#   Increase physical memory or swap space
#   Check if swap backing store is full
#   Decrease Java heap size (-Xmx/-Xms)
#   Decrease number of Java threads
#   Decrease Java thread stack sizes (-Xss)
#   Set larger code cache with -XX:ReservedCodeCacheSize=
#   JVM is running with Unscaled Compressed Oops mode in which the Java heap is
#     placed in the first 4GB address space. The Java Heap base address is the
#     maximum limit for the native heap growth. Please use -XX:HeapBaseMinAddress
#     to set the Java Heap base and to place the Java Heap above 4GB virtual address.
# This output file may be truncated or incomplete.
#
#  Out of Memory Error (os_windows.cpp:3554), pid=5992, tid=19180
#
# JRE version:  (25.0+37) (build )
# Java VM: Java HotSpot(TM) 64-Bit Server VM (25+37-LTS-3491, mixed mode, sharing, tiered, compressed oops, compressed class ptrs, g1 gc, windows-amd64)
# No core dump will be written. Minidumps are not enabled by default on client versions of Windows
#

---------------  S U M M A R Y ------------

Command Line: -Xmx64m -Xms64m -Dorg.gradle.appname=gradlew C:/it/it_backend/gradle/wrapper/gradle-wrapper.jar compileJava --no-daemon -q

Host: Intel(R) Core(TM) i7-8565U CPU @ 1.80GHz, 8 cores, 15G,  Windows 11 , 64 bit Build 26100 (10.0.26100.8328)
Time: Sat May 23 08:46:30 2026 elapsed time: 1.101694 seconds (0d 0h 0m 1s)

---------------  T H R E A D  ---------------

Current thread (0x00000218b18d05f0):  JavaThread "Unknown thread" [_thread_in_vm, id=19180, stack(0x0000009cbc800000,0x0000009cbc900000) (1024K)]

Stack: [0x0000009cbc800000,0x0000009cbc900000]
Native frames: (J=compiled Java code, j=interpreted, Vv=VM code, C=native code)
V  [jvm.dll+0x7a6a39]  (no source info available)
V  [jvm.dll+0x7727ed]  (no source info available)
V  [jvm.dll+0x965f33]  (no source info available)
V  [jvm.dll+0x968531]  (no source info available)
V  [jvm.dll+0x968c33]  (no source info available)
V  [jvm.dll+0x2fc756]  (no source info available)
V  [jvm.dll+0x7a2c65]  (no source info available)
V  [jvm.dll+0x796077]  (no source info available)
V  [jvm.dll+0x3f4698]  (no source info available)
V  [jvm.dll+0x3fc5b6]  (no source info available)
V  [jvm.dll+0x3e8c8e]  (no source info available)
V  [jvm.dll+0x3e8f48]  (no source info available)
V  [jvm.dll+0x3c0045]  (no source info available)
V  [jvm.dll+0x3c0cce]  (no source info available)
V  [jvm.dll+0x92c647]  (no source info available)
V  [jvm.dll+0x458b62]  (no source info available)
V  [jvm.dll+0x90fff2]  (no source info available)
V  [jvm.dll+0x4f9001]  (no source info available)
V  [jvm.dll+0x4fa891]  (no source info available)
C  [jli.dll+0x543e]  (no source info available)
C  [ucrtbase.dll+0x37b0]  (no source info available)
C  [KERNEL32.DLL+0x2e957]  (no source info available)
C  [ntdll.dll+0x427c]  (no source info available)

Lock stack of current Java thread (top to bottom):


---------------  P R O C E S S  ---------------

Threads class SMR info:
_java_thread_list=0x00007ffd76565308, length=0, elements={
}

Java Threads: ( => current thread )
Total: 0

Other Threads:
  0x00000218b3cd5880 WorkerThread "GC Thread#0"                     [id=19720, stack(0x0000009cbc900000,0x0000009cbca00000) (1024K)]
  0x00000218b3cd7550 ConcurrentGCThread "G1 Main Marker"            [id=9508, stack(0x0000009cbca00000,0x0000009cbcb00000) (1024K)]
  0x00000218b3cdaef0 WorkerThread "G1 Conc#0"                       [id=20084, stack(0x0000009cbcb00000,0x0000009cbcc00000) (1024K)]

[error occurred during error reporting (printing all threads), id 0xc0000005, EXCEPTION_ACCESS_VIOLATION (0xc0000005) at pc=0x00007ffd75c44c2a]
VM state: not at safepoint (not fully initialized)

VM Mutex/Monitor currently owned by a thread:  ([mutex/lock_event])
[0x00007ffd765e9628] Heap_lock - owner thread: 0x00000218b18d05f0

Heap address: 0x00000000fc000000, size: 64 MB, Compressed Oops mode: 32-bit

CDS archive(s) mapped at: [0x0000000000000000-0x0000000000000000-0x0000000000000000), size 0, SharedBaseAddress: 0x0000000800000000, ArchiveRelocationMode: 1.
UseCompressedClassPointers 1, UseCompactObjectHeaders 0
Narrow klass pointer bits 32, Max shift 3
Narrow klass base: 0xffffffffffffffff, Narrow klass shift: -1
Encoding Range: [0xffffffffffffffff - 0x000000007fffffff), (2147483648 bytes)
Klass Range:    [0x0000000000000000 - 0x0000000000000000), (0 bytes)
Klass ID Range:  [4294967295 - 0) (1)
No protection zone.

GC Precious Log:
 CardTable entry size: 512
 Card Set container configuration: InlinePtr #cards 5 size 8 Array Of Cards #cards 10 size 36 Howl #buckets 4 coarsen threshold 1843 Howl Bitmap #cards 512 size 80 coarsen threshold 460 Card regions per heap region 1 cards per card region 2048

Heap:
 garbage-first heap   total reserved 65536K, committed 0K, used 0K [0x00000000fc000000, 0x0000000100000000)
  region size 1024K, 0 young (0K), 0 survivors (0K)

Heap Regions: E=young(eden), S=young(survivor), O=old, HS=humongous(starts), HC=humongous(continues), CS=collection set, F=free, TAMS=top-at-mark-start, PB=parsable bottom

Card table byte_map: [0x00000218b1e90000,0x00000218b1eb0000] _byte_map_base: 0x00000218b16b0000

Marking Bits: (CMBitMap*) 0x00000218b3cd6010
 Bits: [0x00000218cb860000, 0x00000218cb960000)

GC Heap Usage History (0 events):
No events

Metaspace Usage History (0 events):
No events

Dll operation events (1 events):
Event: 0.029 Loaded shared library C:\Program Files\Java\jdk-25\bin\java.dll

Deoptimization events (0 events):
No events

Classes loaded (0 events):
No events

Classes unloaded (0 events):
No events

Classes redefined (0 events):
No events

Internal exceptions (0 events):
No events

VM Operations (0 events):
No events

Memory protections (0 events):
No events

Nmethod flushes (0 events):
No events

Events (0 events):
No events


Dynamic libraries:
0x00007ff758720000 - 0x00007ff758730000 	C:\Program Files\Java\jdk-25\bin\java.exe
0x00007ffdf6f20000 - 0x00007ffdf7187000 	C:\WINDOWS\SYSTEM32\ntdll.dll
0x00007ffdf6ab0000 - 0x00007ffdf6b79000 	C:\WINDOWS\System32\KERNEL32.DLL
0x00007ffdf3950000 - 0x00007ffdf3d47000 	C:\WINDOWS\System32\KERNELBASE.dll
0x00007ffdf0960000 - 0x00007ffdf0a00000 	C:\WINDOWS\SYSTEM32\apphelp.dll
0x00007ffdf4730000 - 0x00007ffdf487b000 	C:\WINDOWS\System32\ucrtbase.dll
0x00007ffdd0620000 - 0x00007ffdd0637000 	C:\Program Files\Java\jdk-25\bin\jli.dll
0x00007ffdd2f30000 - 0x00007ffdd2f4e000 	C:\Program Files\Java\jdk-25\bin\VCRUNTIME140.dll
0x00007ffdf6600000 - 0x00007ffdf67c6000 	C:\WINDOWS\System32\USER32.dll
0x00007ffdd7e60000 - 0x00007ffdd80f2000 	C:\WINDOWS\WinSxS\amd64_microsoft.windows.common-controls_6595b64144ccf1df_6.0.26100.8457_none_3e0b2faee331e92d\COMCTL32.dll
0x00007ffdf4880000 - 0x00007ffdf48a7000 	C:\WINDOWS\System32\win32u.dll
0x00007ffdf5300000 - 0x00007ffdf53a9000 	C:\WINDOWS\System32\msvcrt.dll
0x00007ffdf4d20000 - 0x00007ffdf4d4b000 	C:\WINDOWS\System32\GDI32.dll
0x00007ffdf48b0000 - 0x00007ffdf49dc000 	C:\WINDOWS\System32\gdi32full.dll
0x00007ffdf49e0000 - 0x00007ffdf4a83000 	C:\WINDOWS\System32\msvcp_win.dll
0x00007ffdf67f0000 - 0x00007ffdf6822000 	C:\WINDOWS\System32\IMM32.DLL
0x00007ffded3f0000 - 0x00007ffded3fc000 	C:\Program Files\Java\jdk-25\bin\vcruntime140_1.dll
0x00007ffdc6500000 - 0x00007ffdc658d000 	C:\Program Files\Java\jdk-25\bin\msvcp140.dll
0x00007ffd75870000 - 0x00007ffd766cf000 	C:\Program Files\Java\jdk-25\bin\server\jvm.dll
0x00007ffdf6000000 - 0x00007ffdf60b6000 	C:\WINDOWS\System32\ADVAPI32.dll
0x00007ffdf69f0000 - 0x00007ffdf6a97000 	C:\WINDOWS\System32\sechost.dll
0x00007ffdf51e0000 - 0x00007ffdf52f8000 	C:\WINDOWS\System32\RPCRT4.dll
0x00007ffdf6570000 - 0x00007ffdf65f0000 	C:\WINDOWS\System32\WS2_32.dll
0x00007ffdf37b0000 - 0x00007ffdf380e000 	C:\WINDOWS\SYSTEM32\POWRPROF.dll
0x00007ffdeaab0000 - 0x00007ffdeaabb000 	C:\WINDOWS\SYSTEM32\VERSION.dll
0x00007ffdeb710000 - 0x00007ffdeb746000 	C:\WINDOWS\SYSTEM32\WINMM.dll
0x00007ffdf3790000 - 0x00007ffdf37a4000 	C:\WINDOWS\SYSTEM32\UMPDC.dll
0x00007ffdf26e0000 - 0x00007ffdf26fb000 	C:\WINDOWS\SYSTEM32\kernel.appcore.dll
0x00007ffdecad0000 - 0x00007ffdecada000 	C:\Program Files\Java\jdk-25\bin\jimage.dll
0x00007ffdf1900000 - 0x00007ffdf1b42000 	C:\WINDOWS\SYSTEM32\DBGHELP.DLL
0x00007ffdf54f0000 - 0x00007ffdf5873000 	C:\WINDOWS\System32\combase.dll
0x00007ffdf53b0000 - 0x00007ffdf5489000 	C:\WINDOWS\System32\OLEAUT32.dll
0x00007ffdf18c0000 - 0x00007ffdf18fb000 	C:\WINDOWS\SYSTEM32\dbgcore.DLL
0x00007ffdf4680000 - 0x00007ffdf4728000 	C:\WINDOWS\System32\bcryptPrimitives.dll
0x00007ffdc64e0000 - 0x00007ffdc64ff000 	C:\Program Files\Java\jdk-25\bin\java.dll
0x00007ffdf6d40000 - 0x00007ffdf6ed7000 	C:\WINDOWS\System32\ole32.dll
0x00007ffdf5880000 - 0x00007ffdf5fee000 	C:\WINDOWS\System32\SHELL32.dll

JVMTI agents: none

dbghelp: loaded successfully - version: 4.0.5 - missing functions: none
symbol engine: initialized successfully - sym options: 0x614 - pdb path: .;C:\Program Files\Java\jdk-25\bin;C:\WINDOWS\SYSTEM32;C:\WINDOWS\WinSxS\amd64_microsoft.windows.common-controls_6595b64144ccf1df_6.0.26100.8457_none_3e0b2faee331e92d;C:\Program Files\Java\jdk-25\bin\server

VM Arguments:
jvm_args: -Xmx64m -Xms64m -Dorg.gradle.appname=gradlew 
java_command: C:/it/it_backend/gradle/wrapper/gradle-wrapper.jar compileJava --no-daemon -q
java_class_path (initial): C:/it/it_backend/gradle/wrapper/gradle-wrapper.jar
Launcher Type: SUN_STANDARD

[Global flags]
     intx CICompilerCount                          = 4                                         {product} {ergonomic}
     uint ConcGCThreads                            = 2                                         {product} {ergonomic}
     uint G1ConcRefinementThreads                  = 8                                         {product} {ergonomic}
   size_t G1HeapRegionSize                         = 1048576                                   {product} {ergonomic}
   size_t InitialHeapSize                          = 67108864                                  {product} {command line}
   size_t MarkStackSize                            = 4194304                                   {product} {ergonomic}
   size_t MarkStackSizeMax                         = 536870912                                 {product} {ergonomic}
   size_t MaxHeapSize                              = 67108864                                  {product} {command line}
   size_t MinHeapDeltaBytes                        = 1048576                                   {product} {ergonomic}
   size_t MinHeapSize                              = 67108864                                  {product} {command line}
    uintx NonNMethodCodeHeapSize                   = 5832704                                {pd product} {ergonomic}
    uintx NonProfiledCodeHeapSize                  = 122945536                              {pd product} {ergonomic}
    uintx ProfiledCodeHeapSize                     = 122880000                              {pd product} {ergonomic}
    uintx ReservedCodeCacheSize                    = 251658240                              {pd product} {ergonomic}
     bool SegmentedCodeCache                       = true                                      {product} {ergonomic}
   size_t SoftMaxHeapSize                          = 67108864                               {manageable} {ergonomic}
     bool UseCompressedOops                        = true                           {product lp64_product} {ergonomic}
     bool UseG1GC                                  = true                                      {product} {ergonomic}
     bool UseLargePagesIndividualAllocation        = false                                  {pd product} {ergonomic}

Logging:
Log output configuration:
 #0: stdout all=warning uptime,level,tags foldmultilines=false
 #1: stderr all=off uptime,level,tags foldmultilines=false

Release file:
<release file has not been read>
Environment Variables:
PATH=C:\Users\gonna\bin;C:\Program Files\Git\mingw64\bin;C:\Program Files\Git\usr\local\bin;C:\Program Files\Git\usr\bin;C:\Program Files\Git\usr\bin;C:\Program Files\Git\mingw64\bin;C:\Program Files\Git\usr\bin;C:\Users\gonna\bin;C:\app\gonna\product\21c\dbhomeXE\bin;C:\Program Files\Common Files\Oracle\Java\javapath;C:\Users\gonna\AppData\Local\Programs\cursor\resources\app\bin;C:\Program Files (x86)\Intel\Intel(R) Management Engine Components\iCLS;C:\Program Files\Intel\Intel(R) Management Engine Components\iCLS;C:\WINDOWS\system32;C:\WINDOWS;C:\WINDOWS\System32\Wbem;C:\WINDOWS\System32\WindowsPowerShell\v1.0;C:\WINDOWS\System32\OpenSSH;C:\Program Files (x86)\Intel\Intel(R) Management Engine Components\DAL;C:\Program Files\Intel\Intel(R) Management Engine Components\DAL;C:\Program Files\Bandizip;C:\Program Files\PuTTY;C:\Users\gonna\AppData\Local\Microsoft\WindowsApps;C:\Program Files\Tesseract-OCR;C:\SysinternalsSuite;C:\Program Files\nodejs;C:\WINDOWS\system32;C:\WINDOWS;C:\WINDOWS\System32\Wbem;C:\WINDOWS\System32\WindowsPowerShell\v1.0;C:\WINDOWS\System32\OpenSSH;C:\Program Files\Git\cmd;C:\Users\gonna\scoop\shims;C:\Users\gonna\AppData\Roaming\npm;C:\Users\gonna\.local\bin;C:\Users\gonna\AppData\Local\Programs\Microsoft VS Code\bin;C:\Program Files\nodejs;C:\Program Files\Git\mingw64\bin;C:\Program Files\Git\usr\bin\vendor_perl;C:\Program Files\Git\usr\bin\core_perl
USERNAME=gonna
SHELL=C:\Program Files\Git\usr\bin\bash.exe
DISPLAY=needs-to-be-defined
LANG=ko_KR.UTF-8
TERM=xterm-256color
TMPDIR=C:\Users\gonna\AppData\Local\Temp
OS=Windows_NT
PROCESSOR_IDENTIFIER=Intel64 Family 6 Model 142 Stepping 11, GenuineIntel
TMP=C:\Users\gonna\AppData\Local\Temp
TEMP=C:\Users\gonna\AppData\Local\Temp




Compilation memory statistics disabled.

Periodic native trim disabled

---------------  S Y S T E M  ---------------

OS:
 Windows 11 , 64 bit Build 26100 (10.0.26100.8328)
OS uptime: 2 days 19:45 hours

CPU: total 8 (initial active 8) (4 cores per cpu, 2 threads per core) family 6 model 142 stepping 11 microcode 0xde, cx8, cmov, fxsr, ht, mmx, 3dnowpref, sse, sse2, sse3, ssse3, sse4.1, sse4.2, popcnt, lzcnt, tsc, tscinvbit, avx, avx2, aes, erms, clmul, bmi1, bmi2, adx, fma, vzeroupper, clflush, clflushopt, rdtscp, f16c
Processor Information for the first 8 processors :
  Max Mhz: 1992, Current Mhz: 1792, Mhz Limit: 1792

Memory: 4k page, system-wide physical 16178M (2612M free)
TotalPageFile size 44571M (AvailPageFile size 79M)
current process WorkingSet (physical memory assigned to process): 15M, peak: 15M
current process commit charge ("private bytes"): 60M, peak: 124M

vm_info: Java HotSpot(TM) 64-Bit Server VM (25+37-LTS-3491) for windows-amd64 JRE (25+37-LTS-3491), built on 2025-08-14T21:13:00Z with unknown MS VC++:1943

END.
