.\gradlew : Picked up JAVA_TOOL_OPTIONS: -Djavax.net.ssl.trustStoreType=Windows-ROOT
At line:1 char:323
+ ... it_backend; .\gradlew test --tests '*GeneralExpenseFormAdapterTest*'  ...
+                 ~~~~~~~~~~~~~~~~~~~~~~~~~~~~~~~~~~~~~~~~~~~~~~~~~~~~~~~~~
    + CategoryInfo          : NotSpecified: (Picked up JAVA_...pe=Windows-ROOT:String) [], RemoteException
    + FullyQualifiedErrorId : NativeCommandError
 
> Task :compileJava UP-TO-DATE
> Task :processResources UP-TO-DATE
> Task :classes UP-TO-DATE
> Task :compileTestJava UP-TO-DATE
> Task :processTestResources UP-TO-DATE
> Task :testClasses UP-TO-DATE
> Task :test UP-TO-DATE
> Task :jacocoTestReport UP-TO-DATE

BUILD SUCCESSFUL in 10s
6 actionable tasks: 6 up-to-date
Consider enabling configuration cache to speed up this build: https://docs.gradle.org/9.2.1/userguide/configuration_cache_enabling.html
